Archive member included to satisfy reference by file (symbol)

./lib\libc.a(lib_a-memcpy-stub.o)
                              lib\rt.o (memcpy)
./lib\libc.a(lib_a-memset.o)  gameplg.o (memset)
./lib\libc.a(lib_a-strcpy.o)  gameplg.o (strcpy)
./lib\libc.a(lib_a-strlen.o)  gameplg.o (strlen)

Allocating common symbols
Common symbol       size              file

gamePluginMenu      0xc7c             gameplg.o
sdmcArchive         0x18              gameplg.o
fsUserHandle        0x4               gameplg.o
cheatEnabled        0x40              gameplg.o
threadStack         0x4000            gameplg.o

Memory Configuration

Name             Origin             Length             Attributes
*default*        0x00000000         0xffffffff

Linker script and memory map

                0x00100100                . = 0x100100
                0x00100100                . = ALIGN (0x4)

.text           0x00100100     0x28e4
                0x00100100                __text_start = .
 bootloader.o(.text*)
 .text          0x00100100       0xb0 bootloader.o
                0x00100100                _Reset
                0x0010017c                _ReturnToUser
                0x00100190                plgGetIoBase
                0x00100198                copyRemoteMemory
 *(.text*)
 .text          0x001001b0      0x360 gameplg.o
                0x001001b0                getKey
                0x001001d0                waitKeyUp
                0x00100200                initMenu
                0x00100218                addMenuEntry
                0x00100278                updateMenu
                0x001002f0                scanMenu
                0x00100334                detectLanguage
                0x0010033c                addCheatMenuEntry
                0x00100368                onCheatItemChanged
                0x0010037c                freezeCheatValue
                0x001003c4                updateCheatEnableDisplay
                0x001003f8                scanCheatMenu
                0x00100434                initCheatMenu
                0x0010045c                gamePluginEntry
 .text          0x00100510      0x144 lib\AC.o
                0x00100510                ACU_cmd1
                0x00100560                ACU_cmd26
                0x001005c0                ACU_GetWifiStatus
                0x001005f8                ACU_WaitInternetConnection
 .text          0x00100654       0x30 lib\entry.o
                0x00100654                c_entry
                0x00100680                IRQHandler
 .text          0x00100684      0x50c lib\FS.o
                0x00100684                FSUSER_Initialize
                0x001006b8                FSUSER_OpenFile
                0x00100758                FSUSER_OpenFileDirectly
                0x00100818                FSUSER_OpenArchive
                0x0010089c                FSUSER_OpenDirectory
                0x00100928                FSUSER_CloseArchive
                0x00100978                FSFILE_Close
                0x001009a8                FSFILE_Read
                0x00100a10                FSFILE_Write
                0x00100a80                FSFILE_GetSize
                0x00100ac4                FSFILE_SetSize
                0x00100afc                FSDIR_Read
                0x00100b60                FSDIR_Close
 .text          0x00100b90       0x28 lib\main.o
                0x00100b90                threadStart
 .text.startup  0x00100bb8       0x80 lib\main.o
                0x00100bb8                main
 *fill*         0x00100c38        0x8 
 .text          0x00100c40       0x10 lib\misc.o
                0x00100c40                sleep
 .text          0x00100c50       0x3c lib\OS.o
                0x00100c50                OS_ConvertVaddr2Physaddr
 .text          0x00100c8c       0xd4 lib\pm.o
                0x00100c8c                dumpKernel
                0x00100c90                getCurrentProcessId
                0x00100cb4                getCurrentProcessHandle
                0x00100d1c                protectRemoteMemory
                0x00100d40                protectMemory
 .text          0x00100d60      0x54c lib\rt.o
                0x00100d60                rtInitLock
                0x00100d6c                rtAcquireLock
                0x00100da0                rtReleaseLock
                0x00100dac                rtAlignToPageSize
                0x00100dbc                rtGetPageOfAddress
                0x00100dc8                rtCheckRemoteMemoryRegionSafeForWrite
                0x00100e18                rtSafeCopyMemory
                0x00100e70                rtRecvSocket
                0x00100ed0                rtSendSocket
                0x00100f2c                rtIntToPortNumber
                0x00100f48                rtGetFileSize
                0x00101034                rtLoadFileToBuffer
                0x0010117c                rtGenerateJumpCode
                0x00101194                rtFlushInstructionCache
                0x001011ac                rtInitHook
                0x00101224                rtEnableHook
                0x00101268                rtDisableHook
 .text          0x001012ac      0x10c lib\sharedfunc.o
                0x001012ac                initSharedFunc
 .text          0x001013b8      0xef8 lib\SOC.o
                0x001013f4                socu_cmd1
                0x00101444                SOC_Shutdown
                0x00101480                SOC_Initialize
                0x001014e8                SOC_GetErrno
                0x001014f8                socket
                0x00101560                closesocket
                0x001015c0                shutdown
                0x00101624                listen
                0x00101688                accept
                0x00101784                bind
                0x00101854                connect
                0x00101924                socuipc_cmd7
                0x00101a40                socuipc_cmd8
                0x00101b80                socuipc_cmd9
                0x00101c90                socuipc_cmda
                0x00101da4                recvfrom
                0x00101dd0                sendto
                0x00101dfc                recv
                0x00101e18                send
                0x00101e34                getsockopt
                0x00101ee4                setsockopt
                0x00101f6c                fcntl
                0x00102034                sockatmark
                0x00102094                gethostid
                0x001020d0                getsockname
                0x001021c0                getpeername
 .text          0x001022b0      0x118 lib\srv.o
                0x001022b0                exitSrv
                0x001022c8                srv_RegisterClient
                0x00102308                initSrv
                0x0010233c                srv_getServiceHandle
 .text          0x001023c8       0x40 lib\stub.o
                0x001023c8                showDbg
                0x001023d0                nsDbgPrint
                0x001023d8                plgRegisterMenuEntry
                0x001023e0                plgGetSharedServiceHandle
                0x001023e8                plgRequestMemory
                0x001023f0                plgRegisterCallback
                0x001023f8                xsprintf
                0x00102400                controlVideo
 *fill*         0x00102408        0x8 
 .text          0x00102410      0x2a0 lib\svc.o
                0x00102410                getThreadCommandBuffer
                0x0010241c                svc_controlMemory
                0x0010243c                svc_exitProcess
                0x00102444                svc_createThread
                0x00102464                svc_exitThread
                0x0010246c                svc_sleepThread
                0x00102474                svc_createMutex
                0x00102488                svc_releaseMutex
                0x00102490                svc_releaseSemaphore
                0x001024a4                svc_createEvent
                0x001024b8                svc_signalEvent
                0x001024c0                svc_clearEvent
                0x001024c8                svc_createMemoryBlock
                0x001024e0                svc_mapMemoryBlock
                0x001024e8                svc_unmapMemoryBlock
                0x001024f0                svc_arbitrateAddress
                0x001024f8                svc_closeHandle
                0x00102500                svc_waitSynchronization1
                0x00102508                svc_waitSynchronizationN
                0x00102528                svc_getSystemTick
                0x00102530                svc_getSystemInfo
                0x0010254c                svc_getProcessInfo
                0x00102568                svc_connectToPort
                0x0010257c                svc_sendSyncRequest
                0x00102584                svc_getProcessId
                0x00102598                svc_getThreadId
                0x001025ac                svc_setThreadIdealProcessor
                0x001025b4                svc_openThread
                0x001025c8                svc_flushProcessDataCache
                0x001025d0                svc_invalidateProcessDataCache
                0x001025d8                svc_queryMemory
                0x001025e0                svc_addCodeSegment
                0x001025e8                svc_openProcess
                0x001025fc                svc_controlProcessMemory
                0x00102614                svc_mapProcessMemory
                0x0010261c                svc_startInterProcessDma
                0x0010263c                svc_getDmaState
                0x00102650                svc_backDoor
                0x00102658                svc_getProcessList
                0x0010266c                svc_getThreadList
                0x00102680                svc_getThreadContext
                0x00102688                svc_debugActiveProcess
                0x0010269c                svc_readProcessMemory
                0x001026a4                svc_writeProcessMemory
 .text          0x001026b0       0xf0 ./lib\libc.a(lib_a-memcpy-stub.o)
                0x001026b0                memcpy
 .text          0x001027a0       0xf4 ./lib\libc.a(lib_a-memset.o)
                0x001027a0                memset
 .text          0x00102894       0xf0 ./lib\libc.a(lib_a-strcpy.o)
                0x00102894                strcpy
 .text          0x00102984       0x60 ./lib\libc.a(lib_a-strlen.o)
                0x00102984                strlen

.glue_7         0x001029e4        0x0
 .glue_7        0x001029e4        0x0 linker stubs

.glue_7t        0x001029e4        0x0
 .glue_7t       0x001029e4        0x0 linker stubs

.vfp11_veneer   0x001029e4        0x0
 .vfp11_veneer  0x001029e4        0x0 linker stubs

.v4_bx          0x001029e4        0x0
 .v4_bx         0x001029e4        0x0 linker stubs

.plt            0x001029e4        0x0
 .plt           0x001029e4        0x0 bootloader.o

.iplt           0x001029e4        0x0
 .iplt          0x001029e4        0x0 bootloader.o
                0x001029e4                . = ALIGN (0x4)

.data           0x001029e4        0x8
 *(.data)
 .data          0x001029e4        0x0 bootloader.o
 .data          0x001029e4        0x4 gameplg.o
                0x001029e4                IoBasePad
 .data          0x001029e8        0x0 lib\AC.o
 .data          0x001029e8        0x0 lib\entry.o
 .data          0x001029e8        0x0 lib\FS.o
 .data          0x001029e8        0x4 lib\main.o
                0x001029e8                socuRet
 .data          0x001029ec        0x0 lib\misc.o
 .data          0x001029ec        0x0 lib\OS.o
 .data          0x001029ec        0x0 lib\pm.o
 .data          0x001029ec        0x0 lib\rt.o
 .data          0x001029ec        0x0 lib\sharedfunc.o
 .data          0x001029ec        0x0 lib\SOC.o
 .data          0x001029ec        0x0 lib\srv.o
 .data          0x001029ec        0x0 lib\stub.o
 .data          0x001029ec        0x0 lib\svc.o
 .data          0x001029ec        0x0 ./lib\libc.a(lib_a-memcpy-stub.o)
 .data          0x001029ec        0x0 ./lib\libc.a(lib_a-memset.o)
 .data          0x001029ec        0x0 ./lib\libc.a(lib_a-strcpy.o)
 .data          0x001029ec        0x0 ./lib\libc.a(lib_a-strlen.o)

.dynamic        0x001029ec       0x80
 .dynamic       0x001029ec       0x80 bootloader.o
                0x001029ec                _DYNAMIC

.got            0x00102a6c        0x0
 .got           0x00102a6c        0x0 bootloader.o

.got.plt        0x00102a6c        0xc
 .got.plt       0x00102a6c        0xc bootloader.o
                0x00102a6c                _GLOBAL_OFFSET_TABLE_

.igot.plt       0x00102a78        0x0
 .igot.plt      0x00102a78        0x0 bootloader.o
                0x00102a78                . = ALIGN (0x4)
                0x00102a78                . = ALIGN (0x4)

.rel.dyn        0x00102a78      0x278
 *(.__rel_dyn_start)
 .__rel_dyn_start
                0x00102a78        0x0 bootloader.o
 *(.rel*)
 .rel.got       0x00102a78        0x0 bootloader.o
 .rel.plt       0x00102a78        0x0 bootloader.o
 .rel.iplt      0x00102a78        0x0 bootloader.o
 .rel.text      0x00102a78      0x258 bootloader.o
 .rel.text.startup
                0x00102cd0       0x20 bootloader.o
 *(.rel.*)
 *(.__rel_dyn_end)
 .__rel_dyn_end
                0x00102cf0        0x0 bootloader.o
                0x00102cf0                __code_end = .

.interp         0x00102cf0       0x11
 .interp        0x00102cf0       0x11 bootloader.o

.gnu.version_d  0x00102d04        0x0
 .gnu.version_d
                0x00102d04        0x0 bootloader.o

.gnu.version    0x00102d02        0x0
 .gnu.version   0x00102d02        0x0 bootloader.o

.gnu.version_r  0x00102d04        0x0
 .gnu.version_r
                0x00102d04        0x0 bootloader.o

.dynsym         0x00102d04       0x60
 .dynsym        0x00102d04       0x60 bootloader.o

.dynstr         0x00102d64       0x21
 .dynstr        0x00102d64       0x21 bootloader.o

.hash           0x00102d88       0x2c
 .hash          0x00102d88       0x2c bootloader.o

.rodata.str1.1  0x00102db4       0xf0
 .rodata.str1.1
                0x00102db4       0x2e gameplg.o
 .rodata.str1.1
                0x00102de2        0x5 lib\AC.o
 .rodata.str1.1
                0x00102de7       0x20 lib\main.o
 .rodata.str1.1
                0x00102e07       0x1e lib\pm.o
 .rodata.str1.1
                0x00102e25       0x74 lib\rt.o
 .rodata.str1.1
                0x00102e99        0x6 lib\SOC.o
 .rodata.str1.1
                0x00102e9f        0x5 lib\srv.o

.rodata         0x00102ea4       0x4d
 .rodata        0x00102ea4       0x4d lib\SOC.o
                0x00102ef4                . = ALIGN (0x4)

.bss            0x00102ef4     0x4cf0
 *(.__bss_start)
 .__bss_start   0x00102ef4        0x0 bootloader.o
                0x00102ef4                __c_bss_start
 *(.bss COMMON)
 .bss           0x00102ef4        0x0 bootloader.o
 .bss           0x00102ef4        0x4 gameplg.o
                0x00102ef4                isNewNtr
 COMMON         0x00102ef8     0x4cd8 gameplg.o
                0x00102ef8                gamePluginMenu
                0x00103b74                sdmcArchive
                0x00103b8c                fsUserHandle
                0x00103b90                cheatEnabled
                0x00103bd0                threadStack
 .bss           0x00107bd0        0x0 lib\AC.o
 .bss           0x00107bd0        0x0 lib\entry.o
 .bss           0x00107bd0        0x0 lib\FS.o
 .bss           0x00107bd0        0x0 lib\main.o
 .bss           0x00107bd0        0x0 lib\misc.o
 .bss           0x00107bd0        0x0 lib\OS.o
 .bss           0x00107bd0        0x8 lib\pm.o
                0x00107bd0                currentPid
                0x00107bd4                hCurrentProcess
 .bss           0x00107bd8        0x0 lib\rt.o
 .bss           0x00107bd8        0x0 lib\sharedfunc.o
 .bss           0x00107bd8        0x8 lib\SOC.o
                0x00107bd8                SOCU_handle
 .bss           0x00107be0        0x4 lib\srv.o
                0x00107be0                srvHandle
 .bss           0x00107be4        0x0 lib\stub.o
 .bss           0x00107be4        0x0 lib\svc.o
 .bss           0x00107be4        0x0 ./lib\libc.a(lib_a-memcpy-stub.o)
 .bss           0x00107be4        0x0 ./lib\libc.a(lib_a-memset.o)
 .bss           0x00107be4        0x0 ./lib\libc.a(lib_a-strcpy.o)
 .bss           0x00107be4        0x0 ./lib\libc.a(lib_a-strlen.o)
 *(.__bss_end)
 .__bss_end     0x00107be4        0x0 bootloader.o
                0x00107be4                __c_bss_end
                0x00107be4                __end__ = .
LOAD bootloader.o
LOAD gameplg.o
LOAD lib\AC.o
LOAD lib\entry.o
LOAD lib\FS.o
LOAD lib\main.o
LOAD lib\misc.o
LOAD lib\OS.o
LOAD lib\pm.o
LOAD lib\rt.o
LOAD lib\sharedfunc.o
LOAD lib\SOC.o
LOAD lib\srv.o
LOAD lib\stub.o
LOAD lib\svc.o
LOAD ./lib\libc.a
LOAD ./lib\libgcc.a
OUTPUT(a.out elf32-littlearm)

.dynbss         0x00107be4        0x0
 .dynbss        0x00107be4        0x0 bootloader.o

.ARM.attributes
                0x00000000       0x27
 .ARM.attributes
                0x00000000       0x19 bootloader.o
 .ARM.attributes
                0x00000019       0x2b gameplg.o
 .ARM.attributes
                0x00000044       0x2b lib\AC.o
 .ARM.attributes
                0x0000006f       0x2b lib\entry.o
 .ARM.attributes
                0x0000009a       0x2b lib\FS.o
 .ARM.attributes
                0x000000c5       0x2b lib\main.o
 .ARM.attributes
                0x000000f0       0x19 lib\misc.o
 .ARM.attributes
                0x00000109       0x2b lib\OS.o
 .ARM.attributes
                0x00000134       0x2b lib\pm.o
 .ARM.attributes
                0x0000015f       0x2b lib\rt.o
 .ARM.attributes
                0x0000018a       0x2b lib\sharedfunc.o
 .ARM.attributes
                0x000001b5       0x2b lib\SOC.o
 .ARM.attributes
                0x000001e0       0x2b lib\srv.o
 .ARM.attributes
                0x0000020b       0x19 lib\stub.o
 .ARM.attributes
                0x00000224       0x19 lib\svc.o
 .ARM.attributes
                0x0000023d       0x30 ./lib\libc.a(lib_a-memcpy-stub.o)
 .ARM.attributes
                0x0000026d       0x30 ./lib\libc.a(lib_a-memset.o)
 .ARM.attributes
                0x0000029d       0x30 ./lib\libc.a(lib_a-strcpy.o)
 .ARM.attributes
                0x000002cd       0x30 ./lib\libc.a(lib_a-strlen.o)

.comment        0x00000000       0x44
 .comment       0x00000000       0x22 gameplg.o
                                 0x23 (size before relaxing)
 .comment       0x00000022       0x22 lib\AC.o
                                 0x23 (size before relaxing)
 .comment       0x00000044       0x23 lib\entry.o
 .comment       0x00000044       0x23 lib\FS.o
 .comment       0x00000044       0x23 lib\main.o
 .comment       0x00000044       0x23 lib\OS.o
 .comment       0x00000044       0x23 lib\pm.o
 .comment       0x00000044       0x23 lib\rt.o
 .comment       0x00000044       0x23 lib\sharedfunc.o
 .comment       0x00000044       0x23 lib\SOC.o
 .comment       0x00000044       0x23 lib\srv.o
 .comment       0x00000044       0x23 ./lib\libc.a(lib_a-memcpy-stub.o)
 .comment       0x00000044       0x23 ./lib\libc.a(lib_a-memset.o)
 .comment       0x00000044       0x23 ./lib\libc.a(lib_a-strcpy.o)
 .comment       0x00000044       0x23 ./lib\libc.a(lib_a-strlen.o)

.debug_info     0x00000000     0x44ac
 .debug_info    0x00000000      0x929 gameplg.o
 .debug_info    0x00000929      0x368 lib\AC.o
 .debug_info    0x00000c91      0x11f lib\entry.o
 .debug_info    0x00000db0      0x8a9 lib\FS.o
 .debug_info    0x00001659      0x3ed lib\main.o
 .debug_info    0x00001a46       0xc0 lib\OS.o
 .debug_info    0x00001b06      0x335 lib\pm.o
 .debug_info    0x00001e3b      0xc82 lib\rt.o
 .debug_info    0x00002abd      0x335 lib\sharedfunc.o
 .debug_info    0x00002df2     0x13dc lib\SOC.o
 .debug_info    0x000041ce      0x2de lib\srv.o

.debug_abbrev   0x00000000     0x11cd
 .debug_abbrev  0x00000000      0x2ed gameplg.o
 .debug_abbrev  0x000002ed      0x13f lib\AC.o
 .debug_abbrev  0x0000042c       0xcc lib\entry.o
 .debug_abbrev  0x000004f8      0x144 lib\FS.o
 .debug_abbrev  0x0000063c      0x1ad lib\main.o
 .debug_abbrev  0x000007e9       0x6d lib\OS.o
 .debug_abbrev  0x00000856      0x15f lib\pm.o
 .debug_abbrev  0x000009b5      0x2aa lib\rt.o
 .debug_abbrev  0x00000c5f       0xfb lib\sharedfunc.o
 .debug_abbrev  0x00000d5a      0x304 lib\SOC.o
 .debug_abbrev  0x0000105e      0x16f lib\srv.o

.debug_loc      0x00000000     0x29e8
 .debug_loc     0x00000000      0x138 gameplg.o
 .debug_loc     0x00000138      0x1cc lib\AC.o
 .debug_loc     0x00000304       0x34 lib\entry.o
 .debug_loc     0x00000338      0x7db lib\FS.o
 .debug_loc     0x00000b13       0x76 lib\main.o
 .debug_loc     0x00000b89       0x5c lib\OS.o
 .debug_loc     0x00000be5       0xfa lib\pm.o
 .debug_loc     0x00000cdf      0x6b8 lib\rt.o
 .debug_loc     0x00001397     0x152b lib\SOC.o
 .debug_loc     0x000028c2      0x126 lib\srv.o

.debug_aranges  0x00000000      0x168
 .debug_aranges
                0x00000000       0x20 gameplg.o
 .debug_aranges
                0x00000020       0x20 lib\AC.o
 .debug_aranges
                0x00000040       0x20 lib\entry.o
 .debug_aranges
                0x00000060       0x20 lib\FS.o
 .debug_aranges
                0x00000080       0x28 lib\main.o
 .debug_aranges
                0x000000a8       0x20 lib\OS.o
 .debug_aranges
                0x000000c8       0x20 lib\pm.o
 .debug_aranges
                0x000000e8       0x20 lib\rt.o
 .debug_aranges
                0x00000108       0x20 lib\sharedfunc.o
 .debug_aranges
                0x00000128       0x20 lib\SOC.o
 .debug_aranges
                0x00000148       0x20 lib\srv.o

.debug_line     0x00000000     0x12bf
 .debug_line    0x00000000      0x199 gameplg.o
 .debug_line    0x00000199      0x12e lib\AC.o
 .debug_line    0x000002c7       0xe1 lib\entry.o
 .debug_line    0x000003a8      0x1d0 lib\FS.o
 .debug_line    0x00000578      0x155 lib\main.o
 .debug_line    0x000006cd       0xed lib\OS.o
 .debug_line    0x000007ba      0x120 lib\pm.o
 .debug_line    0x000008da      0x27f lib\rt.o
 .debug_line    0x00000b59      0x102 lib\sharedfunc.o
 .debug_line    0x00000c5b      0x4ed lib\SOC.o
 .debug_line    0x00001148      0x177 lib\srv.o

.debug_str      0x00000000      0xd8c
 .debug_str     0x00000000      0x4ab gameplg.o
                                0x553 (size before relaxing)
 .debug_str     0x000004ab      0x112 lib\AC.o
                                0x1e9 (size before relaxing)
 .debug_str     0x000005bd       0x3c lib\entry.o
                                0x14a (size before relaxing)
 .debug_str     0x000005f9      0x163 lib\FS.o
                                0x367 (size before relaxing)
 .debug_str     0x0000075c       0xb8 lib\main.o
                                0x2a1 (size before relaxing)
 .debug_str     0x00000814       0x33 lib\OS.o
                                0x123 (size before relaxing)
 .debug_str     0x00000847       0xb0 lib\pm.o
                                0x229 (size before relaxing)
 .debug_str     0x000008f7      0x1f4 lib\rt.o
                                0x4f0 (size before relaxing)
 .debug_str     0x00000aeb       0x1e lib\sharedfunc.o
                                0x22f (size before relaxing)
 .debug_str     0x00000b09      0x240 lib\SOC.o
                                0x420 (size before relaxing)
 .debug_str     0x00000d49       0x43 lib\srv.o
                                0x1e1 (size before relaxing)

.debug_frame    0x00000000      0xa5c
 .debug_frame   0x00000000      0x140 gameplg.o
 .debug_frame   0x00000140       0x8c lib\AC.o
 .debug_frame   0x000001cc       0x30 lib\entry.o
 .debug_frame   0x000001fc      0x1ac lib\FS.o
 .debug_frame   0x000003a8       0x48 lib\main.o
 .debug_frame   0x000003f0       0x20 lib\OS.o
 .debug_frame   0x00000410       0x90 lib\pm.o
 .debug_frame   0x000004a0      0x1a8 lib\rt.o
 .debug_frame   0x00000648       0x2c lib\sharedfunc.o
 .debug_frame   0x00000674      0x370 lib\SOC.o
 .debug_frame   0x000009e4       0x78 lib\srv.o

.debug_ranges   0x00000000       0x68
 .debug_ranges  0x00000000       0x18 lib\main.o
 .debug_ranges  0x00000018       0x50 lib\rt.o
